#-----------------------------------------------------------
# Webtalk v2019.1.1_AR73068 (64-bit)
# SW Build 2580384 on Sat Jun 29 08:04:45 MDT 2019
# IP Build 2579722 on Sat Jun 29 11:35:40 MDT 2019
# Start of session at: Fri Aug  5 12:19:52 2022
# Process ID: 111698
# Current directory: /home/spectrum/chdr_difi/rfnoc-difi/oot_rfnoc_difi/fpga/rfnoc_block_difi/xsim_proj/xsim_proj.sim/sim_1/behav/xsim
# Command line: wbtcv -mode batch -source /home/spectrum/chdr_difi/rfnoc-difi/oot_rfnoc_difi/fpga/rfnoc_block_difi/xsim_proj/xsim_proj.sim/sim_1/behav/xsim/xsim.dir/rfnoc_block_difi_tb_behav/webtalk/xsim_webtalk.tcl -notrace
# Log file: /home/spectrum/chdr_difi/rfnoc-difi/oot_rfnoc_difi/fpga/rfnoc_block_difi/xsim_proj/xsim_proj.sim/sim_1/behav/xsim/webtalk.log
# Journal file: /home/spectrum/chdr_difi/rfnoc-difi/oot_rfnoc_difi/fpga/rfnoc_block_difi/xsim_proj/xsim_proj.sim/sim_1/behav/xsim/webtalk.jou
#-----------------------------------------------------------
source /home/spectrum/chdr_difi/rfnoc-difi/oot_rfnoc_difi/fpga/rfnoc_block_difi/xsim_proj/xsim_proj.sim/sim_1/behav/xsim/xsim.dir/rfnoc_block_difi_tb_behav/webtalk/xsim_webtalk.tcl -notrace
